INFO Request received event_id=0001
INFO Database connection established event_id=0002
WARN High memory usage detected event_id=0003
ERROR Database query timed out event_id=0004
INFO Health check completed event_id=0005
INFO Background job started event_id=0006
WARN Request latency exceeded threshold event_id=0007
INFO Cache entry refreshed event_id=0008
ERROR Upstream connection refused event_id=0009
INFO Background job completed event_id=0010
INFO Request received event_id=0011
INFO Database connection established event_id=0012
WARN High memory usage detected event_id=0013
ERROR Database query timed out event_id=0014
INFO Health check completed event_id=0015
INFO Background job started event_id=0016
WARN Request latency exceeded threshold event_id=0017
INFO Cache entry refreshed event_id=0018
ERROR Upstream connection refused event_id=0019
INFO Background job completed event_id=0020
INFO Request received event_id=0021
INFO Database connection established event_id=0022
WARN High memory usage detected event_id=0023
ERROR Database query timed out event_id=0024
INFO Health check completed event_id=0025
INFO Background job started event_id=0026
WARN Request latency exceeded threshold event_id=0027
INFO Cache entry refreshed event_id=0028
ERROR Upstream connection refused event_id=0029
INFO Background job completed event_id=0030
INFO Request received event_id=0031
INFO Database connection established event_id=0032
WARN High memory usage detected event_id=0033
ERROR Database query timed out event_id=0034
INFO Health check completed event_id=0035
INFO Background job started event_id=0036
WARN Request latency exceeded threshold event_id=0037
INFO Cache entry refreshed event_id=0038
ERROR Upstream connection refused event_id=0039
INFO Background job completed event_id=0040
INFO Request received event_id=0041
INFO Database connection established event_id=0042
WARN High memory usage detected event_id=0043
ERROR Database query timed out event_id=0044
INFO Health check completed event_id=0045
INFO Background job started event_id=0046
WARN Request latency exceeded threshold event_id=0047
INFO Cache entry refreshed event_id=0048
ERROR Upstream connection refused event_id=0049
INFO Background job completed event_id=0050
INFO Request received event_id=0051
INFO Database connection established event_id=0052
WARN High memory usage detected event_id=0053
ERROR Database query timed out event_id=0054
INFO Health check completed event_id=0055
INFO Background job started event_id=0056
WARN Request latency exceeded threshold event_id=0057
INFO Cache entry refreshed event_id=0058
ERROR Upstream connection refused event_id=0059
INFO Background job completed event_id=0060
INFO Request received event_id=0061
INFO Database connection established event_id=0062
WARN High memory usage detected event_id=0063
ERROR Database query timed out event_id=0064
INFO Health check completed event_id=0065
INFO Background job started event_id=0066
WARN Request latency exceeded threshold event_id=0067
INFO Cache entry refreshed event_id=0068
ERROR Upstream connection refused event_id=0069
INFO Background job completed event_id=0070
INFO Request received event_id=0071
INFO Database connection established event_id=0072
WARN High memory usage detected event_id=0073
ERROR Database query timed out event_id=0074
INFO Health check completed event_id=0075
INFO Background job started event_id=0076
WARN Request latency exceeded threshold event_id=0077
INFO Cache entry refreshed event_id=0078
ERROR Upstream connection refused event_id=0079
INFO Background job completed event_id=0080
INFO Request received event_id=0081
INFO Database connection established event_id=0082
WARN High memory usage detected event_id=0083
ERROR Database query timed out event_id=0084
INFO Health check completed event_id=0085
INFO Background job started event_id=0086
WARN Request latency exceeded threshold event_id=0087
INFO Cache entry refreshed event_id=0088
ERROR Upstream connection refused event_id=0089
INFO Background job completed event_id=0090
INFO Request received event_id=0091
INFO Database connection established event_id=0092
WARN High memory usage detected event_id=0093
ERROR Database query timed out event_id=0094
INFO Health check completed event_id=0095
INFO Background job started event_id=0096
WARN Request latency exceeded threshold event_id=0097
INFO Cache entry refreshed event_id=0098
ERROR Upstream connection refused event_id=0099
INFO Background job completed event_id=0100
